2026-05-25 12:11:30,163 - INFO - Starting Standup Metrics Automation
2026-05-25 12:11:30,242 - INFO - Excel report generated
2026-05-25 12:11:31,658 - INFO - Automation completed
2026-05-25 12:15:22,075 - INFO - Starting Standup Metrics Automation
2026-05-25 12:15:22,076 - ERROR - Input file loading failed
2026-05-25 12:16:26,495 - INFO - Starting Standup Metrics Automation
2026-05-25 12:16:26,553 - INFO - Excel report generated
2026-05-25 12:16:26,949 - INFO - Automation completed
2026-05-25 12:20:51,035 - INFO - Starting Standup Metrics Automation
2026-05-25 12:20:51,087 - INFO - Excel report generated
2026-05-25 12:20:51,480 - INFO - Automation completed
2026-05-25 12:35:00,291 - INFO - Starting Standup Metrics Automation
2026-05-25 12:35:00,326 - INFO - Excel report generated
2026-05-25 12:35:00,783 - INFO - Automation completed
2026-05-25 14:54:46,520 - INFO - Starting Standup Metrics Automation
2026-05-25 14:54:46,521 - ERROR - Input file loading failed
2026-05-25 15:58:54,920 - INFO - Starting Standup Metrics Automation
2026-05-25 15:58:55,046 - INFO - Excel report generated
2026-05-25 15:58:55,119 - ERROR - Framework execution failed: 'numpy.ndarray' object is not callable
2026-05-25 16:03:30,643 - INFO - Starting Standup Metrics Automation
2026-05-25 16:03:30,702 - INFO - Excel report generated
2026-05-25 16:03:30,742 - ERROR - Framework execution failed: 'numpy.ndarray' object is not callable
2026-05-25 16:05:49,694 - INFO - Starting Standup Metrics Automation
2026-05-25 16:05:49,754 - INFO - Excel report generated
2026-05-25 16:05:49,807 - ERROR - Framework execution failed: 'numpy.ndarray' object is not callable
2026-05-25 16:07:25,010 - INFO - Starting Standup Metrics Automation
2026-05-25 16:07:25,063 - INFO - Excel report generated
2026-05-25 16:07:26,672 - INFO - Automation completed
2026-05-25 17:07:11,491 - INFO - Starting Standup Metrics Automation
2026-05-25 17:07:11,578 - INFO - Excel report generated
2026-05-25 17:07:18,055 - INFO - Automation completed
2026-05-26 11:47:13,620 - INFO - Starting Standup Metrics Automation
2026-05-26 11:47:13,705 - INFO - Excel report generated
2026-05-26 11:47:20,412 - INFO - Automation completed
2026-05-26 12:09:24,268 - INFO - Starting Standup Metrics Automation
2026-05-26 12:09:24,374 - INFO - Excel report generated
2026-05-26 12:09:31,014 - INFO - Automation completed
2026-05-26 12:23:15,466 - INFO - Starting Standup Metrics Automation
2026-05-26 12:23:15,578 - INFO - Excel report generated
2026-05-26 12:23:21,354 - INFO - Automation completed
2026-05-26 12:25:00,510 - INFO - Starting Standup Metrics Automation
2026-05-26 12:25:00,566 - INFO - Excel report generated
2026-05-26 12:25:06,288 - INFO - Automation completed
2026-05-26 12:36:37,572 - INFO - Starting Standup Metrics Automation
2026-05-26 12:36:37,666 - INFO - Excel report generated
2026-05-26 12:36:44,195 - INFO - Automation completed
2026-05-26 12:37:56,572 - INFO - Starting Standup Metrics Automation
2026-05-26 12:37:56,630 - INFO - Excel report generated
2026-05-26 12:38:02,226 - ERROR - Framework execution failed: (-2147352567, 'Exception occurred.', (4096, 'Microsoft Outlook', 'The object does not support this method.', None, 0, -2147352567), None)
2026-05-26 12:41:36,770 - INFO - Starting Standup Metrics Automation
2026-05-26 12:41:36,833 - INFO - Excel report generated
2026-05-26 12:41:42,458 - ERROR - Framework execution failed: (-2147352567, 'Exception occurred.', (4096, 'Microsoft Outlook', 'The object does not support this method.', None, 0, -2147352567), None)
2026-05-26 12:42:59,451 - INFO - Starting Standup Metrics Automation
2026-05-26 12:42:59,532 - INFO - Excel report generated
2026-05-26 12:43:06,039 - INFO - Automation completed
